---------------  P R O C E S S  ---------------

Java Threads: ( => current thread )
  0x44722800 JavaThread "pool-2-thread-4" [_thread_blocked, id=5020, stack(0x44960000,0x449b0000)]
  0x44716400 JavaThread "pool-2-thread-3" [_thread_blocked, id=3376, stack(0x44910000,0x44960000)]
  0x44701000 JavaThread "pool-2-thread-2" [_thread_blocked, id=3760, stack(0x448c0000,0x44910000)]
  0x446fdc00 JavaThread "pool-3-thread-1" [_thread_blocked, id=6976, stack(0x44870000,0x448c0000)]
  0x446aac00 JavaThread "pool-2-thread-1" [_thread_blocked, id=3292, stack(0x44820000,0x44870000)]
  0x44601000 JavaThread "Service Thread" daemon [_thread_blocked, id=4992, stack(0x03d80000,0x03dd0000)]
  0x445fcc00 JavaThread "C1 CompilerThread0" daemon [_thread_blocked, id=2896, stack(0x03d30000,0x03d80000)]
  0x445fbc00 JavaThread "Attach Listener" daemon [_thread_blocked, id=4420, stack(0x03ce0000,0x03d30000)]
  0x445f9000 JavaThread "Signal Dispatcher" daemon [_thread_blocked, id=7220, stack(0x01a90000,0x01ae0000)]
  0x445d2c00 JavaThread "Finalizer" daemon [_thread_blocked, id=4160, stack(0x01a40000,0x01a90000)]
  0x01bee800 JavaThread "Reference Handler" daemon [_thread_blocked, id=3756, stack(0x019f0000,0x01a40000)]
  0x01cdbc00 JavaThread "main" [_thread_blocked, id=928, stack(0x00c60000,0x00cb0000)]

Other Threads:
=>0x01bec400 VMThread [stack: 0x01990000,0x019e0000] [id=652]
  0x44631800 WatcherThread [stack: 0x447d0000,0x44820000] [id=5704]

VM state:at safepoint (normal execution)

VM Mutex/Monitor currently owned by a thread:  ([mutex/lock_event])
[0x01cda2c8] Threads_lock - owner thread: 0x01bec400
[0x01cdb1c0] Heap_lock - owner thread: 0x44716400

Heap:
 def new generation   total 6912K, used 767K [0x03e00000, 0x04580000, 0x19350000)
  eden space 6144K,   0% used [0x03e00000, 0x03e00000, 0x04400000)
  from space 768K,  99% used [0x04400000, 0x044bfff8, 0x044c0000)
  to   space 768K,   0% used [0x044c0000, 0x044c0000, 0x04580000)
 tenured generation   total 24944K, used 24821K [0x19350000, 0x1abac000, 0x43e00000)
   the space 24944K,  99% used [0x19350000, 0x1ab8d5a8, 0x1ab8d600, 0x1abac000)
 Metaspace       used 3315K, capacity 3494K, committed 3520K, reserved 4480K

Card table byte_map: [0x43e00000,0x44010000] byte_map_base: 0x43de1000

Polling page: 0x00cb0000

CodeCache: size=32768Kb used=2239Kb max_used=2239Kb free=30528Kb
 bounds [0x01ce0000, 0x01f10000, 0x03ce0000]
 total_blobs=989 nmethods=845 adapters=74
 compilation: enabled

Compilation events (10 events):
Event: 3.868 Thread 0x445fcc00  842             com.android.dx.util.BitIntSet::iterator (9 bytes)
Event: 3.868 Thread 0x445fcc00 nmethod 842 0x01f0e0c8 code [0x01f0e1d0, 0x01f0e2bc]
Event: 4.177 Thread 0x445fcc00  843             java.io.DataInputStream::readUnsignedShort (39 bytes)
Event: 4.178 Thread 0x445fcc00 nmethod 843 0x01f0e348 code [0x01f0e470, 0x01f0e594]
Event: 4.369 Thread 0x445fcc00  844             com.android.dx.rop.code.Insn$BaseVisitor::visitThrowingInsn (1 bytes)
Event: 4.369 Thread 0x445fcc00 nmethod 844 0x01f0e688 code [0x01f0e780, 0x01f0e800]
Event: 4.370 Thread 0x445fcc00  845             com.android.dx.dex.code.RopTranslator$LocalVariableAwareTranslationVisitor::visitThrowingInsn (11 bytes)
Event: 4.370 Thread 0x445fcc00 nmethod 845 0x01f0e848 code [0x01f0e9a0, 0x01f0ebf8]
Event: 4.371 Thread 0x445fcc00  846             com.android.dx.dex.code.RopTranslator$TranslationVisitor::visitThrowingInsn (118 bytes)
Event: 4.372 Thread 0x445fcc00 nmethod 846 0x01f0f008 code [0x01f0f1e0, 0x01f0f6c4]

GC Heap History (10 events):
Event: 3.381 GC heap after
Heap after GC invocations=15 (full 2):
 def new generation   total 6912K, used 768K [0x03e00000, 0x04580000, 0x19350000)
  eden space 6144K,   0% used [0x03e00000, 0x03e00000, 0x04400000)
  from space 768K, 100% used [0x044c0000, 0x04580000, 0x04580000)
  to   space 768K,   0% used [0x04400000, 0x04400000, 0x044c0000)
 tenured generation   total 20592K, used 14494K [0x19350000, 0x1a76c000, 0x43e00000)
   the space 20592K,  70% used [0x19350000, 0x1a177978, 0x1a177a00, 0x1a76c000)
 Metaspace       used 3310K, capacity 3494K, committed 3520K, reserved 4480K
}
Event: 3.478 GC heap before
{Heap before GC invocations=15 (full 2):
 def new generation   total 6912K, used 6912K [0x03e00000, 0x04580000, 0x19350000)
  eden space 6144K, 100% used [0x03e00000, 0x04400000, 0x04400000)
  from space 768K, 100% used [0x044c0000, 0x04580000, 0x04580000)
  to   space 768K,   0% used [0x04400000, 0x04400000, 0x044c0000)
 tenured generation   total 20592K, used 14494K [0x19350000, 0x1a76c000, 0x43e00000)
   the space 20592K,  70% used [0x19350000, 0x1a177978, 0x1a177a00, 0x1a76c000)
 Metaspace       used 3310K, capacity 3494K, committed 3520K, reserved 4480K
Event: 3.491 GC heap after
Heap after GC invocations=16 (full 2):
 def new generation   total 6912K, used 768K [0x03e00000, 0x04580000, 0x19350000)
  eden space 6144K,   0% used [0x03e00000, 0x03e00000, 0x04400000)
  from space 768K, 100% used [0x04400000, 0x044c0000, 0x044c0000)
  to   space 768K,   0% used [0x044c0000, 0x044c0000, 0x04580000)
 tenured generation   total 20592K, used 17679K [0x19350000, 0x1a76c000, 0x43e00000)
   the space 20592K,  85% used [0x19350000, 0x1a493fa8, 0x1a494000, 0x1a76c000)
 Metaspace       used 3310K, capacity 3494K, committed 3520K, reserved 4480K
}
Event: 3.813 GC heap before
{Heap before GC invocations=16 (full 2):
 def new generation   total 6912K, used 6912K [0x03e00000, 0x04580000, 0x19350000)
  eden space 6144K, 100% used [0x03e00000, 0x04400000, 0x04400000)
  from space 768K, 100% used [0x04400000, 0x044c0000, 0x044c0000)
  to   space 768K,   0% used [0x044c0000, 0x044c0000, 0x04580000)
 tenured generation   total 20592K, used 17679K [0x19350000, 0x1a76c000, 0x43e00000)
   the space 20592K,  85% used [0x19350000, 0x1a493fa8, 0x1a494000, 0x1a76c000)
 Metaspace       used 3315K, capacity 3494K, committed 3520K, reserved 4480K
Event: 3.829 GC heap after
Heap after GC invocations=17 (full 2):
 def new generation   total 6912K, used 768K [0x03e00000, 0x04580000, 0x19350000)
  eden space 6144K,   0% used [0x03e00000, 0x03e00000, 0x04400000)
  from space 768K, 100% used [0x044c0000, 0x04580000, 0x04580000)
  to   space 768K,   0% used [0x04400000, 0x04400000, 0x044c0000)
 tenured generation   total 20592K, used 19834K [0x19350000, 0x1a76c000, 0x43e00000)
   the space 20592K,  96% used [0x19350000, 0x1a6aea18, 0x1a6aec00, 0x1a76c000)
 Metaspace       used 3315K, capacity 3494K, committed 3520K, reserved 4480K
}
Event: 4.033 GC heap before
{Heap before GC invocations=17 (full 2):
 def new generation   total 6912K, used 6912K [0x03e00000, 0x04580000, 0x19350000)
  eden space 6144K, 100% used [0x03e00000, 0x04400000, 0x04400000)
  from space 768K, 100% used [0x044c0000, 0x04580000, 0x04580000)
  to   space 768K,   0% used [0x04400000, 0x04400000, 0x044c0000)
 tenured generation   total 20592K, used 19834K [0x19350000, 0x1a76c000, 0x43e00000)
   the space 20592K,  96% used [0x19350000, 0x1a6aea18, 0x1a6aec00, 0x1a76c000)
 Metaspace       used 3315K, capacity 3494K, committed 3520K, reserved 4480K
Event: 4.156 GC heap after
Heap after GC invocations=18 (full 3):
 def new generation   total 6912K, used 0K [0x03e00000, 0x04580000, 0x19350000)
  eden space 6144K,   0% used [0x03e00000, 0x03e00000, 0x04400000)
  from space 768K,   0% used [0x04400000, 0x04400000, 0x044c0000)
  to   space 768K,   0% used [0x044c0000, 0x044c0000, 0x04580000)
 tenured generation   total 21616K, used 21179K [0x19350000, 0x1a86c000, 0x43e00000)
   the space 21616K,  97% used [0x19350000, 0x1a7fef60, 0x1a7ff000, 0x1a86c000)
 Metaspace       used 3315K, capacity 3494K, committed 3520K, reserved 4480K
}
Event: 4.186 GC heap before
{Heap before GC invocations=18 (full 3):
 def new generation   total 6912K, used 6144K [0x03e00000, 0x04580000, 0x19350000)
  eden space 6144K, 100% used [0x03e00000, 0x04400000, 0x04400000)
  from space 768K,   0% used [0x04400000, 0x04400000, 0x044c0000)
  to   space 768K,   0% used [0x044c0000, 0x044c0000, 0x04580000)
 tenured generation   total 21616K, used 21179K [0x19350000, 0x1a86c000, 0x43e00000)
   the space 21616K,  97% used [0x19350000, 0x1a7fef60, 0x1a7ff000, 0x1a86c000)
 Metaspace       used 3315K, capacity 3494K, committed 3520K, reserved 4480K
Event: 4.331 GC heap after
Heap after GC invocations=19 (full 4):
 def new generation   total 6912K, used 0K [0x03e00000, 0x04580000, 0x19350000)
  eden space 6144K,   0% used [0x03e00000, 0x03e00000, 0x04400000)
  from space 768K,   0% used [0x044c0000, 0x044c0000, 0x04580000)
  to   space 768K,   0% used [0x04400000, 0x04400000, 0x044c0000)
 tenured generation   total 24688K, used 23778K [0x19350000, 0x1ab6c000, 0x43e00000)
   the space 24688K,  96% used [0x19350000, 0x1aa888d0, 0x1aa88a00, 0x1ab6c000)
 Metaspace       used 3315K, capacity 3494K, committed 3520K, reserved 4480K
}
Event: 4.448 GC heap before
{Heap before GC invocations=19 (full 4):
 def new generation   total 6912K, used 6144K [0x03e00000, 0x04580000, 0x19350000)
  eden space 6144K, 100% used [0x03e00000, 0x04400000, 0x04400000)
  from space 768K,   0% used [0x044c0000, 0x044c0000, 0x04580000)
  to   space 768K,   0% used [0x04400000, 0x04400000, 0x044c0000)
 tenured generation   total 24688K, used 23778K [0x19350000, 0x1ab6c000, 0x43e00000)
   the space 24688K,  96% used [0x19350000, 0x1aa888d0, 0x1aa88a00, 0x1ab6c000)
 Metaspace       used 3315K, capacity 3494K, committed 3520K, reserved 4480K

Deoptimization events (0 events):
No events

Internal exceptions (2 events):
Event: 0.117 Thread 0x01cdbc00 Exception <a 'java/lang/NoSuchMethodError': Method sun.misc.Unsafe.defineClass(Ljava/lang/String;[BII)Ljava/lang/Class; name or signature does not match> (0x03e10a08) thrown at [D:\re\workspace\8-2-build-windows-i586-cygwin\jdk8u73\6086\hotspot\src\share\vú¬Ql¨(¾?
Event: 0.118 Thread 0x01cdbc00 Exception <a 'java/lang/NoSuchMethodError': Method sun.misc.Unsafe.prefetchRead(Ljava/lang/Object;J)V name or signature does not match> (0x03e10cd8) thrown at [D:\re\workspace\8-2-build-windows-i586-cygwin\jdk8u73\6086\hotspot\src\share\vm\prims\jni.cpp, l

Events (10 events):
Event: 3.540 loading class com/android/dx/util/ListIntSet$1 done
Event: 3.542 Executing VM operation: Deoptimize
Event: 3.561 Executing VM operation: Deoptimize done
Event: 3.621 Executing VM operation: GenCollectForAllocation
Event: 3.829 Executing VM operation: GenCollectForAllocation done
Event: 3.922 Executing VM operation: GenCollectForAllocation
Event: 4.156 Executing VM operation: GenCollectForAllocation done
Event: 4.186 Executing VM operation: GenCollectForAllocation
Event: 4.332 Executing VM operation: GenCollectForAllocation done
Event: 4.380 Executing VM operation: GenCollectForAllocation


Dynamic libraries:
0x00220000 - 0x00253000 	C:\Program Files\Java\jdk1.8.0_73\bin\java.exe
0x778a0000 - 0x77a0a000 	C:\Windows\SYSTEM32\ntdll.dll
0x77230000 - 0x77330000 	C:\Windows\system32\KERNEL32.DLL
0x75390000 - 0x75469000 	C:\Windows\system32\KERNELBASE.dll
0x74010000 - 0x740b0000 	C:\Windows\system32\apphelp.dll
0x606d0000 - 0x60936000 	C:\Windows\AppPatch\AcGenral.DLL
0x75810000 - 0x758d3000 	C:\Windows\system32\msvcrt.dll
0x774f0000 - 0x77531000 	C:\Windows\SYSTEM32\sechost.dll
0x752d0000 - 0x752f3000 	C:\Windows\system32\SspiCli.dll
0x770a0000 - 0x770e5000 	C:\Windows\system32\SHLWAPI.dll
0x740f0000 - 0x741de000 	C:\Windows\SYSTEM32\UxTheme.dll
0x775a0000 - 0x776f5000 	C:\Windows\system32\USER32.dll
0x76f80000 - 0x77092000 	C:\Windows\system32\GDI32.dll
0x73990000 - 0x739b3000 	C:\Windows\SYSTEM32\WINMM.dll
0x703c0000 - 0x703d3000 	C:\Windows\SYSTEM32\samcli.dll
0x76be0000 - 0x76d09000 	C:\Windows\system32\ole32.dll
0x76ee0000 - 0x76f77000 	C:\Windows\system32\OLEAUT32.dll
0x506c0000 - 0x506d7000 	C:\Windows\SYSTEM32\MSACM32.dll
0x73750000 - 0x73758000 	C:\Windows\SYSTEM32\VERSION.dll
0x75920000 - 0x76bda000 	C:\Windows\system32\SHELL32.dll
0x748b0000 - 0x748cb000 	C:\Windows\SYSTEM32\USERENV.dll
0x739c0000 - 0x739da000 	C:\Windows\SYSTEM32\dwmapi.dll
0x72a50000 - 0x72b9c000 	C:\Windows\SYSTEM32\urlmon.dll
0x77700000 - 0x7777c000 	C:\Windows\system32\ADVAPI32.dll
0x6d8e0000 - 0x6d945000 	C:\Windows\SYSTEM32\WINSPOOL.DRV
0x6d9a0000 - 0x6d9b6000 	C:\Windows\SYSTEM32\MPR.dll
0x75650000 - 0x75720000 	C:\Windows\system32\RPCRT4.dll
0x754b0000 - 0x7562d000 	C:\Windows\SYSTEM32\combase.dll
0x73720000 - 0x73743000 	C:\Windows\SYSTEM32\WINMMBASE.dll
0x75080000 - 0x7508f000 	C:\Windows\SYSTEM32\profapi.dll
0x72ba0000 - 0x72dd4000 	C:\Windows\SYSTEM32\iertutil.dll
0x72480000 - 0x726dd000 	C:\Windows\SYSTEM32\WININET.dll
0x75470000 - 0x754ac000 	C:\Windows\SYSTEM32\cfgmgr32.dll
0x74220000 - 0x74241000 	C:\Windows\SYSTEM32\DEVOBJ.dll
0x771a0000 - 0x7722b000 	C:\Windows\system32\SHCORE.DLL
0x758e0000 - 0x75906000 	C:\Windows\system32\IMM32.DLL
0x77780000 - 0x77892000 	C:\Windows\system32\MSCTF.dll
0x73780000 - 0x73986000 	C:\Windows\WinSxS\x86_microsoft.windows.common-controls_6595b64144ccf1df_6.0.9600.18006_none_a9ec6aab013aafee\COMCTL32.dll
0x657f0000 - 0x658af000 	C:\Program Files\Java\jdk1.8.0_73\jre\bin\msvcr100.dll
0x60300000 - 0x606c8000 	C:\Program Files\Java\jdk1.8.0_73\jre\bin\client\jvm.dll
0x6d090000 - 0x6d098000 	C:\Windows\SYSTEM32\WSOCK32.dll
0x76d10000 - 0x76d16000 	C:\Windows\system32\PSAPI.DLL
0x76e90000 - 0x76edf000 	C:\Windows\system32\WS2_32.dll
0x77190000 - 0x77197000 	C:\Windows\system32\NSI.dll
0x73660000 - 0x7366c000 	C:\Program Files\Java\jdk1.8.0_73\jre\bin\verify.dll
0x6a530000 - 0x6a551000 	C:\Program Files\Java\jdk1.8.0_73\jre\bin\java.dll
0x6ff40000 - 0x6ff53000 	C:\Program Files\Java\jdk1.8.0_73\jre\bin\zip.dll

VM Arguments:
jvm_args: -Djava.awt.headless=true -Xmx1024M -Dfile.encoding=windows-1251 -Duser.country=RU -Duser.language=ru -Duser.variant 
java_command: com.android.dx.command.Main --dex --force-jumbo --num-threads=4 --multi-dex --output C:\Users\Admin\Desktop\hobby\app\build\intermediates\transforms\dex\debug\folders\1000\5\slice_6 C:\Users\Admin\Desktop\hobby\app\build\intermediates\transforms\instantRunSlicer\debug\folders\1\5\slice_6
java_class_path (initial): C:\Users\Admin\AppData\Local\Android\sdk\build-tools\23.0.2\lib\dx.jar
Launcher Type: SUN_STANDARD

Environment Variables:
JAVA_HOME=c:\Program Files\Java\jdk1.8.0_73\
PATH=C:\ProgramData\Oracle\Java\javapath;C:\Windows\system32;C:\Windows;C:\Windows\System32\Wbem;C:\Windows\System32\WindowsPowerShell\v1.0\;C:\Program Files\TortoiseGit\bin;C:\Program Files\QuickTime\QTSystem\;c:\Python27\;c:\Python27\Scripts\;c:\Program Files\Java\jdk1.8.0_73\bin\;c:\Program Files\Java\jdk1.8.0_73\lib\;c:\openssl\bin\;C:\Program Files\Git\cmd;C:\Program Files\Skype\Phone\;C:\Program Files\nodejs\;C:\Users\Admin\AppData\Roaming\npm
USERNAME=Admin
OS=Windows_NT
PROCESSOR_IDENTIFIER=x86 Family 6 Model 37 Stepping 2, GenuineIntel



---------------  S Y S T E M  ---------------

OS: Windows 8.1 Build 9600 (6.3.9600.17415)

CPU:total 4 (2 cores per cpu, 2 threads per core) family 6 model 37 stepping 2, cmov, cx8, fxsr, mmx, sse, sse2, sse3, ssse3, sse4.1, sse4.2, popcnt, ht, tsc, tscinvbit

Memory: 4k page, physical 2546360k(114252k free), swap 5692088k(5096k free)

vm_info: Java HotSpot(TM) Client VM (25.73-b02) for windows-x86 JRE (1.8.0_73-b02), built on Jan 29 2016 17:05:52 by "java_re" with MS VC++ 10.0 (VS2010)

time: Wed May 17 18:41:58 2017
elapsed time: 4 seconds (0d 0h 0m 4s)

